<html>
<body>
<pre>
<h1>µVision Build Log</h1>
<h2>Project:</h2>
E:\AllKeyBoards\board-v2.0\Compass-v1.6\com_pro_v1_6\KeyBoard.uvproj
Project File Date:  08/26/2011

<h2>Output:</h2>
Build target 'KeyBoard'
compiling main.c...
Main\main.c(152): warning:  #111-D: statement is unreachable
compiling SpiOutProtocol.c...
compiling uart0.c...
compiling uart1.c...
compiling UartProtocol.c...
compiling T1.c...
compiling T0.c...
linking...
Program Size: Code=13418 RO-data=246 RW-data=128 ZI-data=720  
FromELF: creating hex file...
"KeyBoard.axf" - 0 Error(s), 1 Warning(s).
Build target 'KeyBoard'
compiling main.c...
Main\main.c(147): warning:  #111-D: statement is unreachable
compiling SpiOutFunc.c...
compiling SpiOutProtocol.c...
compiling XY_Key_Scan_Func.c...
KeyScan\XY_Key_Scan_Func.c(43): warning:  #167-D: argument of type "volatile uint8_t *" is incompatible with parameter of type "uint8_t *"
compiling uart0.c...
compiling uart1.c...
compiling Uart_FIFO.c...
compiling UartProtocol.c...
compiling T1.c...
compiling T0.c...
linking...
Program Size: Code=13434 RO-data=246 RW-data=128 ZI-data=720  
FromELF: creating hex file...
"KeyBoard.axf" - 0 Error(s), 2 Warning(s).
Build target 'KeyBoard'
compiling uart0.c...
UART\uart0.c(26): warning:  #167-D: argument of type "volatile Uart_FIFO *" is incompatible with parameter of type "Uart_FIFO *"
UART\uart0.c(33): warning:  #167-D: argument of type "volatile Uart_FIFO *" is incompatible with parameter of type "Uart_FIFO *"
linking...
Program Size: Code=13418 RO-data=246 RW-data=128 ZI-data=720  
FromELF: creating hex file...
"KeyBoard.axf" - 0 Error(s), 2 Warning(s).
Build target 'KeyBoard'
compiling main.c...
Main\main.c(147): warning:  #111-D: statement is unreachable
compiling SpiOutFunc.c...
compiling XY_Key_Scan_Func.c...
KeyScan\XY_Key_Scan_Func.c(43): warning:  #167-D: argument of type "volatile uint8_t *" is incompatible with parameter of type "uint8_t *"
compiling uart0.c...
compiling uart1.c...
compiling Uart_FIFO.c...
compiling UartProtocol.c...
compiling T0.c...
linking...
Program Size: Code=13418 RO-data=246 RW-data=128 ZI-data=720  
FromELF: creating hex file...
"KeyBoard.axf" - 0 Error(s), 2 Warning(s).
Build target 'KeyBoard'
compiling main.c...
Main\main.c(147): warning:  #111-D: statement is unreachable
compiling SpiOutProtocol.c...
compiling XY_Key_Scan_Func.c...
KeyScan\XY_Key_Scan_Func.c(43): warning:  #167-D: argument of type "volatile uint8_t *" is incompatible with parameter of type "uint8_t *"
compiling UartProtocol.c...
compiling T0.c...
linking...
Program Size: Code=13418 RO-data=246 RW-data=128 ZI-data=720  
FromELF: creating hex file...
"KeyBoard.axf" - 0 Error(s), 2 Warning(s).
Build target 'KeyBoard'
compiling uart1.c...
linking...
Program Size: Code=13418 RO-data=246 RW-data=128 ZI-data=720  
FromELF: creating hex file...
"KeyBoard.axf" - 0 Error(s), 0 Warning(s).
Build target 'KeyBoard'
compiling uart1.c...
linking...
Program Size: Code=13398 RO-data=246 RW-data=128 ZI-data=720  
FromELF: creating hex file...
"KeyBoard.axf" - 0 Error(s), 0 Warning(s).
Build target 'KeyBoard'
compiling uart1.c...
linking...
Program Size: Code=13398 RO-data=246 RW-data=128 ZI-data=720  
FromELF: creating hex file...
"KeyBoard.axf" - 0 Error(s), 0 Warning(s).
Build target 'KeyBoard'
compiling main.c...
Main\main.c(147): warning:  #111-D: statement is unreachable
compiling uart0.c...
compiling uart1.c...
compiling Uart_FIFO.c...
compiling UartProtocol.c...
assembling startup_LPC12xx.s...
compiling T1.c...
compiling T0.c...
linking...
Program Size: Code=13398 RO-data=246 RW-data=128 ZI-data=720  
FromELF: creating hex file...
"KeyBoard.axf" - 0 Error(s), 1 Warning(s).
Build target 'KeyBoard'
linking...
Program Size: Code=13398 RO-data=246 RW-data=128 ZI-data=720  
FromELF: creating hex file...
"KeyBoard.axf" - 0 Error(s), 0 Warning(s).
Build target 'KeyBoard'
compiling main.c...
Main\main.c(147): warning:  #111-D: statement is unreachable
compiling SpiOutFunc.c...
compiling SpiOutProtocol.c...
compiling XY_Key_Scan_Func.c...
KeyScan\XY_Key_Scan_Func.c(43): warning:  #167-D: argument of type "volatile uint8_t *" is incompatible with parameter of type "uint8_t *"
compiling uart0.c...
compiling uart1.c...
compiling Uart_FIFO.c...
compiling UartProtocol.c...
compiling debug_frmwrk.c...
compiling lpc12xx_gpio.c...
compiling lpc12xx_iocon.c...
compiling lpc12xx_libcfg_default.c...
compiling lpc12xx_sysctrl.c...
compiling lpc12xx_timer16.c...
Driver\source\lpc12xx_timer16.c(272): warning:  #550-D: variable "pCounterCfg" was set but never used
compiling lpc12xx_uart.c...
compiling lpc12xx_wdt.c...
compiling core_cm0.c...
assembling startup_LPC12xx.s...
compiling system_LPC12xx.c...
compiling T1.c...
compiling T0.c...
linking...
Program Size: Code=13398 RO-data=246 RW-data=128 ZI-data=720  
FromELF: creating hex file...
"KeyBoard.axf" - 0 Error(s), 3 Warning(s).
Build target 'KeyBoard'
compiling main.c...
Main\main.c(147): warning:  #111-D: statement is unreachable
compiling SpiOutFunc.c...
compiling SpiOutProtocol.c...
compiling XY_Key_Scan_Func.c...
KeyScan\XY_Key_Scan_Func.c(43): warning:  #167-D: argument of type "volatile uint8_t *" is incompatible with parameter of type "uint8_t *"
compiling uart0.c...
compiling uart1.c...
compiling Uart_FIFO.c...
compiling UartProtocol.c...
compiling debug_frmwrk.c...
compiling lpc12xx_gpio.c...
compiling lpc12xx_iocon.c...
compiling lpc12xx_libcfg_default.c...
compiling lpc12xx_sysctrl.c...
compiling lpc12xx_timer16.c...
Driver\source\lpc12xx_timer16.c(272): warning:  #550-D: variable "pCounterCfg" was set but never used
compiling lpc12xx_uart.c...
compiling lpc12xx_wdt.c...
compiling core_cm0.c...
assembling startup_LPC12xx.s...
compiling system_LPC12xx.c...
compiling T1.c...
compiling T0.c...
linking...
Program Size: Code=13398 RO-data=246 RW-data=128 ZI-data=720  
FromELF: creating hex file...
".\Obj\KeyBoard.axf" - 0 Error(s), 3 Warning(s).
Clean started: Project: 'KeyBoard'
   deleting intermediate output files for target 'KeyBoard'
Clean started: Project: 'KeyBoard'
   deleting intermediate output files for target 'KeyBoard'
Build target 'KeyBoard'
compiling main.c...
Main\main.c(147): warning:  #111-D: statement is unreachable
compiling SpiOutFunc.c...
compiling SpiOutProtocol.c...
compiling XY_Key_Scan_Func.c...
KeyScan\XY_Key_Scan_Func.c(43): warning:  #167-D: argument of type "volatile uint8_t *" is incompatible with parameter of type "uint8_t *"
compiling uart0.c...
compiling uart1.c...
compiling Uart_FIFO.c...
compiling UartProtocol.c...
compiling debug_frmwrk.c...
compiling lpc12xx_gpio.c...
compiling lpc12xx_iocon.c...
compiling lpc12xx_libcfg_default.c...
compiling lpc12xx_sysctrl.c...
compiling lpc12xx_timer16.c...
Driver\source\lpc12xx_timer16.c(272): warning:  #550-D: variable "pCounterCfg" was set but never used
compiling lpc12xx_uart.c...
compiling lpc12xx_wdt.c...
compiling core_cm0.c...
assembling startup_LPC12xx.s...
compiling system_LPC12xx.c...
compiling T1.c...
compiling T0.c...
linking...
Program Size: Code=13398 RO-data=246 RW-data=128 ZI-data=720  
FromELF: creating hex file...
".\Obj\KeyBoard.axf" - 0 Error(s), 3 Warning(s).
